[backblue.gif]
[fade.gif]
[index.html]
[www.ourstrategyconsultantsbc.com/static/css/bootstrap.min.css]
[www.ourstrategyconsultantsbc.com/static/css/animate.css]
[www.ourstrategyconsultantsbc.com/static/css/fontawesome-all.css]
[www.ourstrategyconsultantsbc.com/static/css/line-awesome.min.css]
[www.ourstrategyconsultantsbc.com/static/css/magnific-popup/magnific-popup.css]
[www.ourstrategyconsultantsbc.com/static/css/owl-carousel/owl.carousel.css]
[www.ourstrategyconsultantsbc.com/static/css/base.css]
[www.ourstrategyconsultantsbc.com/static/css/shortcodes.css]
[www.ourstrategyconsultantsbc.com/static/css/style.css]
[www.ourstrategyconsultantsbc.com/static/css/responsive.css]
[maxcdn.bootstrapcdn.com/bootstrap/4.0.0/css/bootstrap.min.css]
[kleui.s3.amazonaws.com/documents/15fce62b-75d5-41cd-9c52-11ee73565314/imageedit_114_2786140255.png]
[www.ourstrategyconsultantsbc.com/static/images/pattern/01.png]
[www.ourstrategyconsultantsbc.com/static/images/bg/04.png]
[www.ourstrategyconsultantsbc.com/static/images/mackbook/01.png]
[www.ourstrategyconsultantsbc.com/static/images/Screenshot.png]
[www.ourstrategyconsultantsbc.com/static/images/thebusinessbuildersapp.png]
[www.ourstrategyconsultantsbc.com/static/images/pattern/03.png]
[www.ourstrategyconsultantsbc.com/static/js/jquery.min.js]
[www.ourstrategyconsultantsbc.com/static/js/popper.min.js]
[www.ourstrategyconsultantsbc.com/static/js/bootstrap.min.js]
[www.ourstrategyconsultantsbc.com/static/js/jquery.appear.js]
[www.ourstrategyconsultantsbc.com/static/js/modernizr.js]
[www.ourstrategyconsultantsbc.com/static/js/jquery.easing.min.js]
[www.ourstrategyconsultantsbc.com/static/js/menu/jquery.smartmenus.js]
[www.ourstrategyconsultantsbc.com/static/js/owl-carousel/owl.carousel.min.js]
[www.ourstrategyconsultantsbc.com/static/js/magnific-popup/jquery.magnific-popup.min.js]
[www.ourstrategyconsultantsbc.com/static/js/counter/counter.js]
[www.ourstrategyconsultantsbc.com/static/js/countdown/jquery.countdown.min.js]
[www.ourstrategyconsultantsbc.com/static/js/canvas.js]
[www.ourstrategyconsultantsbc.com/static/js/confetti.js]
[www.ourstrategyconsultantsbc.com/static/js/snap.svg.js]
[www.ourstrategyconsultantsbc.com/static/js/step.js]
[www.ourstrategyconsultantsbc.com/static/js/contact-form/contact-form.js]
[www.ourstrategyconsultantsbc.com/static/js/wow.min.js]
[www.ourstrategyconsultantsbc.com/static/js/theme-script.js]
[www.ourstrategyconsultantsbc.com/index.html]
[www.ourstrategyconsultantsbc.com/documents/c85d6e89-f713-432d-bbc0-c01111910fb5/imageedit_114_2786140255.html]
[www.ourstrategyconsultantsbc.com/static/css/bootstrap.min.css]
[www.ourstrategyconsultantsbc.com/static/css/animate.css]
[www.ourstrategyconsultantsbc.com/static/fonts/fa-brands-400d41d.eot]
[www.ourstrategyconsultantsbc.com/static/fonts/fa-brands-400.woff2]
[www.ourstrategyconsultantsbc.com/static/fonts/fa-brands-400.eot]
[www.ourstrategyconsultantsbc.com/static/fonts/fa-brands-400.woff]
[www.ourstrategyconsultantsbc.com/static/fonts/fa-brands-400.svg]
[www.ourstrategyconsultantsbc.com/static/fonts/fa-brands-400.ttf]
[www.ourstrategyconsultantsbc.com/static/fonts/fa-regular-400.eot]
[www.ourstrategyconsultantsbc.com/static/fonts/fa-regular-400d41d.eot]
[www.ourstrategyconsultantsbc.com/static/fonts/fa-regular-400.woff2]
[www.ourstrategyconsultantsbc.com/static/fonts/fa-regular-400.woff]
[www.ourstrategyconsultantsbc.com/static/fonts/fa-regular-400.ttf]
[www.ourstrategyconsultantsbc.com/static/fonts/fa-regular-400.svg]
[www.ourstrategyconsultantsbc.com/static/fonts/fa-solid-900.eot]
[www.ourstrategyconsultantsbc.com/static/fonts/fa-solid-900d41d.eot]
[www.ourstrategyconsultantsbc.com/static/fonts/fa-solid-900.woff2]
[www.ourstrategyconsultantsbc.com/static/fonts/fa-solid-900.woff]
[www.ourstrategyconsultantsbc.com/static/fonts/fa-solid-900.ttf]
[www.ourstrategyconsultantsbc.com/static/css/fontawesome-all.css]
[www.ourstrategyconsultantsbc.com/static/fonts/line-awesomeeb4f.eot]
[www.ourstrategyconsultantsbc.com/static/fonts/fa-solid-900.svg]
[www.ourstrategyconsultantsbc.com/static/fonts/line-awesomeeb4f.woff2]
[www.ourstrategyconsultantsbc.com/static/fonts/line-awesome0176.eot]
[www.ourstrategyconsultantsbc.com/static/fonts/line-awesomeeb4f.woff]
[www.ourstrategyconsultantsbc.com/static/fonts/line-awesomeeb4f.ttf]
[www.ourstrategyconsultantsbc.com/static/css/line-awesome.min.css]
[www.ourstrategyconsultantsbc.com/static/css/magnific-popup/magnific-popup.css]
[www.ourstrategyconsultantsbc.com/static/css/owl-carousel/owl.carousel.css]
[www.ourstrategyconsultantsbc.com/static/fonts/line-awesomeeb4f.svg]
[www.ourstrategyconsultantsbc.com/static/fonts/Flaticon.eot]
[www.ourstrategyconsultantsbc.com/static/fonts/Flaticond41d.eot]
[www.ourstrategyconsultantsbc.com/static/fonts/Flaticon.woff]
[www.ourstrategyconsultantsbc.com/static/fonts/Flaticon.ttf]
[www.ourstrategyconsultantsbc.com/static/css/base.css]
[www.ourstrategyconsultantsbc.com/static/fonts/Flaticon.svg]
[www.ourstrategyconsultantsbc.com/static/images/pattern/04.png]
[www.ourstrategyconsultantsbc.com/static/css/shortcodes.css]
[www.ourstrategyconsultantsbc.com/static/css/style.css]
[www.ourstrategyconsultantsbc.com/static/css/responsive.css]
[maxcdn.bootstrapcdn.com/bootstrap/4.0.0/css/bootstrap.min.css]
[www.ourstrategyconsultantsbc.com/about-us/index.html]
[www.ourstrategyconsultantsbc.com/static/images/bg/11.png]
[www.ourstrategyconsultantsbc.com/pricing/index.html]
[www.ourstrategyconsultantsbc.com/services/index.html]
[www.ourstrategyconsultantsbc.com/whitelabel/index.html]
[www.ourstrategyconsultantsbc.com/dashboard/index.html]
[www.ourstrategyconsultantsbc.com/static/lib/jquery/dist/jquery.min.4a356126b957.js]
[www.ourstrategyconsultantsbc.com/static/lib/bootstrap/js/popper.min.cd0c695ea790.js]
[www.ourstrategyconsultantsbc.com/static/lib/jquery-ui/jquery-ui.min.0a497d4661df.js]
[www.ourstrategyconsultantsbc.com/static/lib/bootstrap/js/bootstrap.min.46b549bdc909.js]
[www.ourstrategyconsultantsbc.com/static/lib/jasny-bootstrap/js/jasny-bootstrap.min.e61446b824b0.js]
[www.ourstrategyconsultantsbc.com/static/lib/slimscroll/jquery.slimscroll.min.0f4566205523.js]
[www.ourstrategyconsultantsbc.com/static/lib/nano-scroll/jquery.nanoscroller.min.b7766a11941c.js]
[www.ourstrategyconsultantsbc.com/static/lib/metisMenu/metisMenu.min.24f2066a4f53.js]
[www.ourstrategyconsultantsbc.com/static/custom.a60817db030c.js]
[www.ourstrategyconsultantsbc.com/static/lib/chartjs/chart.min.3b2fd01c6f54.js]
[www.ourstrategyconsultantsbc.com/static/lib/chartjs/chartjs-sass.e2ec9ec95cb6.js]
[www.ourstrategyconsultantsbc.com/static/lib/vectormap/jquery-jvectormap-2.0.2.min.b57b66c6a502.js]
[www.ourstrategyconsultantsbc.com/static/lib/vectormap/jquery-jvectormap-us-aea-en.9043f2fb5180.js]
[www.ourstrategyconsultantsbc.com/static/lib/chart-c3/d3.min.3d6c48274985.js]
[www.ourstrategyconsultantsbc.com/static/lib/chart-c3/c3.min.e4b016d8d1ec.js]
[www.ourstrategyconsultantsbc.com/static/lib/datatables/jquery.dataTables.min.ca4f7e2af924.js]
[www.ourstrategyconsultantsbc.com/static/lib/datatables/dataTables.responsive.min.77ebd1096311.js]
[www.ourstrategyconsultantsbc.com/static/lib/toast/jquery.toast.min.ba3f15983585.js]
[www.ourstrategyconsultantsbc.com/user/login/index.html]
[www.ourstrategyconsultantsbc.com/static/fonts/fa-brands-400.svg]
[www.ourstrategyconsultantsbc.com/static/fonts/fa-regular-400.svg]
[www.ourstrategyconsultantsbc.com/static/fonts/fa-solid-900.svg]
[www.ourstrategyconsultantsbc.com/static/fonts/line-awesomeeb4f.svg]
[www.ourstrategyconsultantsbc.com/static/fonts/Flaticon.svg]
[www.ourstrategyconsultantsbc.com/about-us/documents/c85d6e89-f713-432d-bbc0-c01111910fb5/imageedit_114_2786140255.html]
[www.ourstrategyconsultantsbc.com/user/signup/index.html]
[www.ourstrategyconsultantsbc.com/business/business-credit-steps-onlyprograms/index.html]
[www.ourstrategyconsultantsbc.com/pricing/documents/c85d6e89-f713-432d-bbc0-c01111910fb5/imageedit_114_2786140255.html]
[www.ourstrategyconsultantsbc.com/services/documents/c85d6e89-f713-432d-bbc0-c01111910fb5/imageedit_114_2786140255.html]
[www.ourstrategyconsultantsbc.com/whitelabel/documents/c85d6e89-f713-432d-bbc0-c01111910fb5/imageedit_114_2786140255.html]
[www.ourstrategyconsultantsbc.com/user/login/index4112.html]
[www.ourstrategyconsultantsbc.com/user/forgot-password/index.html]
[www.ourstrategyconsultantsbc.com/static/dashboard.d41d8cd98f00.js]
[www.ourstrategyconsultantsbc.com/about-us/documents/c85d6e89-f713-432d-bbc0-c01111910fb5/documents/c85d6e89-f713-432d-bbc0-c01111910fb5/imageedit_114_2786140255.html]
[www.ourstrategyconsultantsbc.com/user/terms/index.html]
[www.ourstrategyconsultantsbc.com/user/login/index1dd9.html]
[www.ourstrategyconsultantsbc.com/pricing/documents/c85d6e89-f713-432d-bbc0-c01111910fb5/documents/c85d6e89-f713-432d-bbc0-c01111910fb5/imageedit_114_2786140255.html]
[www.ourstrategyconsultantsbc.com/services/documents/c85d6e89-f713-432d-bbc0-c01111910fb5/documents/c85d6e89-f713-432d-bbc0-c01111910fb5/imageedit_114_2786140255.html]
[www.ourstrategyconsultantsbc.com/whitelabel/documents/c85d6e89-f713-432d-bbc0-c01111910fb5/documents/c85d6e89-f713-432d-bbc0-c01111910fb5/imageedit_114_2786140255.html]
[www.ourstrategyconsultantsbc.com/about-us/documents/c85d6e89-f713-432d-bbc0-c01111910fb5/documents/c85d6e89-f713-432d-bbc0-c01111910fb5/documents/c85d6e89-f713-432d-bbc0-/imageedit_114_278614025]
[www.ourstrategyconsultantsbc.com/pricing/documents/c85d6e89-f713-432d-bbc0-c01111910fb5/documents/c85d6e89-f713-432d-bbc0-c01111910fb5/documents/c85d6e89-f713-432d-bbc0-c/imageedit_114_278614025]
[www.ourstrategyconsultantsbc.com/services/documents/c85d6e89-f713-432d-bbc0-c01111910fb5/documents/c85d6e89-f713-432d-bbc0-c01111910fb5/documents/c85d6e89-f713-432d-bbc0-/imageedit_114_278614025]
[www.ourstrategyconsultantsbc.com/whitelabel/documents/c85d6e89-f713-432d-bbc0-c01111910fb5/documents/c85d6e89-f713-432d-bbc0-c01111910fb5/documents/c85d6e89-f713-432d-bbc/imageedit_114_278614025]
[www.ourstrategyconsultantsbc.com/about-us/documents/c85d6e89-f713-432d-bbc0-c01111910fb5/documents/c85d6e89-f713-432d-bbc0-c01111910fb5/documents/c85d6e89-f713-432d-bbc0-/imageedit_114_278614025-2]
[www.ourstrategyconsultantsbc.com/pricing/documents/c85d6e89-f713-432d-bbc0-c01111910fb5/documents/c85d6e89-f713-432d-bbc0-c01111910fb5/documents/c85d6e89-f713-432d-bbc0-c/imageedit_114_278614025-2]
[www.ourstrategyconsultantsbc.com/services/documents/c85d6e89-f713-432d-bbc0-c01111910fb5/documents/c85d6e89-f713-432d-bbc0-c01111910fb5/documents/c85d6e89-f713-432d-bbc0-/imageedit_114_278614025-2]
[www.ourstrategyconsultantsbc.com/whitelabel/documents/c85d6e89-f713-432d-bbc0-c01111910fb5/documents/c85d6e89-f713-432d-bbc0-c01111910fb5/documents/c85d6e89-f713-432d-bbc/imageedit_114_278614025-2]
[www.ourstrategyconsultantsbc.com/about-us/documents/c85d6e89-f713-432d-bbc0-c01111910fb5/documents/c85d6e89-f713-432d-bbc0-c01111910fb5/documents/c85d6e89-f713-432d-bbc0-/imageedit_114_278614025-3]
[www.ourstrategyconsultantsbc.com/pricing/documents/c85d6e89-f713-432d-bbc0-c01111910fb5/documents/c85d6e89-f713-432d-bbc0-c01111910fb5/documents/c85d6e89-f713-432d-bbc0-c/imageedit_114_278614025-3]
[www.ourstrategyconsultantsbc.com/services/documents/c85d6e89-f713-432d-bbc0-c01111910fb5/documents/c85d6e89-f713-432d-bbc0-c01111910fb5/documents/c85d6e89-f713-432d-bbc0-/imageedit_114_278614025-3]
[www.ourstrategyconsultantsbc.com/whitelabel/documents/c85d6e89-f713-432d-bbc0-c01111910fb5/documents/c85d6e89-f713-432d-bbc0-c01111910fb5/documents/c85d6e89-f713-432d-bbc/imageedit_114_278614025-3]
[www.ourstrategyconsultantsbc.com/about-us/documents/c85d6e89-f713-432d-bbc0-c01111910fb5/documents/c85d6e89-f713-432d-bbc0-c01111910fb5/documents/c85d6e89-f713-432d-bbc0-/imageedit_114_278614025-4]
[www.ourstrategyconsultantsbc.com/pricing/documents/c85d6e89-f713-432d-bbc0-c01111910fb5/documents/c85d6e89-f713-432d-bbc0-c01111910fb5/documents/c85d6e89-f713-432d-bbc0-c/imageedit_114_278614025-4]
[www.ourstrategyconsultantsbc.com/services/documents/c85d6e89-f713-432d-bbc0-c01111910fb5/documents/c85d6e89-f713-432d-bbc0-c01111910fb5/documents/c85d6e89-f713-432d-bbc0-/imageedit_114_278614025-4]
[www.ourstrategyconsultantsbc.com/whitelabel/documents/c85d6e89-f713-432d-bbc0-c01111910fb5/documents/c85d6e89-f713-432d-bbc0-c01111910fb5/documents/c85d6e89-f713-432d-bbc/imageedit_114_278614025-4]
[www.ourstrategyconsultantsbc.com/about-us/documents/c85d6e89-f713-432d-bbc0-c01111910fb5/documents/c85d6e89-f713-432d-bbc0-c01111910fb5/documents/c85d6e89-f713-432d-bbc0-/imageedit_114_278614025-5]
[www.ourstrategyconsultantsbc.com/pricing/documents/c85d6e89-f713-432d-bbc0-c01111910fb5/documents/c85d6e89-f713-432d-bbc0-c01111910fb5/documents/c85d6e89-f713-432d-bbc0-c/imageedit_114_278614025-5]
[www.ourstrategyconsultantsbc.com/services/documents/c85d6e89-f713-432d-bbc0-c01111910fb5/documents/c85d6e89-f713-432d-bbc0-c01111910fb5/documents/c85d6e89-f713-432d-bbc0-/imageedit_114_278614025-5]
[www.ourstrategyconsultantsbc.com/whitelabel/documents/c85d6e89-f713-432d-bbc0-c01111910fb5/documents/c85d6e89-f713-432d-bbc0-c01111910fb5/documents/c85d6e89-f713-432d-bbc/imageedit_114_278614025-5]
[www.ourstrategyconsultantsbc.com/about-us/documents/c85d6e89-f713-432d-bbc0-c01111910fb5/documents/c85d6e89-f713-432d-bbc0-c01111910fb5/documents/c85d6e89-f713-432d-bbc0-/imageedit_114_278614025-6]
[www.ourstrategyconsultantsbc.com/pricing/documents/c85d6e89-f713-432d-bbc0-c01111910fb5/documents/c85d6e89-f713-432d-bbc0-c01111910fb5/documents/c85d6e89-f713-432d-bbc0-c/imageedit_114_278614025-6]
[www.ourstrategyconsultantsbc.com/services/documents/c85d6e89-f713-432d-bbc0-c01111910fb5/documents/c85d6e89-f713-432d-bbc0-c01111910fb5/documents/c85d6e89-f713-432d-bbc0-/imageedit_114_278614025-6]
[www.ourstrategyconsultantsbc.com/whitelabel/documents/c85d6e89-f713-432d-bbc0-c01111910fb5/documents/c85d6e89-f713-432d-bbc0-c01111910fb5/documents/c85d6e89-f713-432d-bbc/imageedit_114_278614025-6]
[www.ourstrategyconsultantsbc.com/about-us/documents/c85d6e89-f713-432d-bbc0-c01111910fb5/documents/c85d6e89-f713-432d-bbc0-c01111910fb5/documents/c85d6e89-f713-432d-bbc0-/imageedit_114_278614025-7]
[www.ourstrategyconsultantsbc.com/pricing/documents/c85d6e89-f713-432d-bbc0-c01111910fb5/documents/c85d6e89-f713-432d-bbc0-c01111910fb5/documents/c85d6e89-f713-432d-bbc0-c/imageedit_114_278614025-7]
[www.ourstrategyconsultantsbc.com/services/documents/c85d6e89-f713-432d-bbc0-c01111910fb5/documents/c85d6e89-f713-432d-bbc0-c01111910fb5/documents/c85d6e89-f713-432d-bbc0-/imageedit_114_278614025-7]
[www.ourstrategyconsultantsbc.com/whitelabel/documents/c85d6e89-f713-432d-bbc0-c01111910fb5/documents/c85d6e89-f713-432d-bbc0-c01111910fb5/documents/c85d6e89-f713-432d-bbc/imageedit_114_278614025-7]
[www.ourstrategyconsultantsbc.com/about-us/documents/c85d6e89-f713-432d-bbc0-c01111910fb5/documents/c85d6e89-f713-432d-bbc0-c01111910fb5/documents/c85d6e89-f713-432d-bbc0-/imageedit_114_278614025-8]
[www.ourstrategyconsultantsbc.com/pricing/documents/c85d6e89-f713-432d-bbc0-c01111910fb5/documents/c85d6e89-f713-432d-bbc0-c01111910fb5/documents/c85d6e89-f713-432d-bbc0-c/imageedit_114_278614025-8]
[www.ourstrategyconsultantsbc.com/services/documents/c85d6e89-f713-432d-bbc0-c01111910fb5/documents/c85d6e89-f713-432d-bbc0-c01111910fb5/documents/c85d6e89-f713-432d-bbc0-/imageedit_114_278614025-8]
[www.ourstrategyconsultantsbc.com/whitelabel/documents/c85d6e89-f713-432d-bbc0-c01111910fb5/documents/c85d6e89-f713-432d-bbc0-c01111910fb5/documents/c85d6e89-f713-432d-bbc/imageedit_114_278614025-8]
[www.ourstrategyconsultantsbc.com/about-us/documents/c85d6e89-f713-432d-bbc0-c01111910fb5/documents/c85d6e89-f713-432d-bbc0-c01111910fb5/documents/c85d6e89-f713-432d-bbc0-/imageedit_114_278614025-9]
[www.ourstrategyconsultantsbc.com/pricing/documents/c85d6e89-f713-432d-bbc0-c01111910fb5/documents/c85d6e89-f713-432d-bbc0-c01111910fb5/documents/c85d6e89-f713-432d-bbc0-c/imageedit_114_278614025-9]
[www.ourstrategyconsultantsbc.com/services/documents/c85d6e89-f713-432d-bbc0-c01111910fb5/documents/c85d6e89-f713-432d-bbc0-c01111910fb5/documents/c85d6e89-f713-432d-bbc0-/imageedit_114_278614025-9]
[www.ourstrategyconsultantsbc.com/whitelabel/documents/c85d6e89-f713-432d-bbc0-c01111910fb5/documents/c85d6e89-f713-432d-bbc0-c01111910fb5/documents/c85d6e89-f713-432d-bbc/imageedit_114_278614025-9]
[www.ourstrategyconsultantsbc.com/about-us/documents/c85d6e89-f713-432d-bbc0-c01111910fb5/documents/c85d6e89-f713-432d-bbc0-c01111910fb5/documents/c85d6e89-f713-432d-bbc0-/imageedit_114_278614025-10]
[www.ourstrategyconsultantsbc.com/pricing/documents/c85d6e89-f713-432d-bbc0-c01111910fb5/documents/c85d6e89-f713-432d-bbc0-c01111910fb5/documents/c85d6e89-f713-432d-bbc0-c/imageedit_114_278614025-10]
[www.ourstrategyconsultantsbc.com/services/documents/c85d6e89-f713-432d-bbc0-c01111910fb5/documents/c85d6e89-f713-432d-bbc0-c01111910fb5/documents/c85d6e89-f713-432d-bbc0-/imageedit_114_278614025-10]
[www.ourstrategyconsultantsbc.com/whitelabel/documents/c85d6e89-f713-432d-bbc0-c01111910fb5/documents/c85d6e89-f713-432d-bbc0-c01111910fb5/documents/c85d6e89-f713-432d-bbc/imageedit_114_278614025-10]
[www.ourstrategyconsultantsbc.com/about-us/documents/c85d6e89-f713-432d-bbc0-c01111910fb5/documents/c85d6e89-f713-432d-bbc0-c01111910fb5/documents/c85d6e89-f713-432d-bbc0-/imageedit_114_278614025-11]
[www.ourstrategyconsultantsbc.com/pricing/documents/c85d6e89-f713-432d-bbc0-c01111910fb5/documents/c85d6e89-f713-432d-bbc0-c01111910fb5/documents/c85d6e89-f713-432d-bbc0-c/imageedit_114_278614025-11]
[www.ourstrategyconsultantsbc.com/services/documents/c85d6e89-f713-432d-bbc0-c01111910fb5/documents/c85d6e89-f713-432d-bbc0-c01111910fb5/documents/c85d6e89-f713-432d-bbc0-/imageedit_114_278614025-11]
[www.ourstrategyconsultantsbc.com/whitelabel/documents/c85d6e89-f713-432d-bbc0-c01111910fb5/documents/c85d6e89-f713-432d-bbc0-c01111910fb5/documents/c85d6e89-f713-432d-bbc/imageedit_114_278614025-11]
[www.ourstrategyconsultantsbc.com/about-us/documents/c85d6e89-f713-432d-bbc0-c01111910fb5/documents/c85d6e89-f713-432d-bbc0-c01111910fb5/documents/c85d6e89-f713-432d-bbc0-/imageedit_114_278614025-12]
[www.ourstrategyconsultantsbc.com/pricing/documents/c85d6e89-f713-432d-bbc0-c01111910fb5/documents/c85d6e89-f713-432d-bbc0-c01111910fb5/documents/c85d6e89-f713-432d-bbc0-c/imageedit_114_278614025-12]
[www.ourstrategyconsultantsbc.com/services/documents/c85d6e89-f713-432d-bbc0-c01111910fb5/documents/c85d6e89-f713-432d-bbc0-c01111910fb5/documents/c85d6e89-f713-432d-bbc0-/imageedit_114_278614025-12]
[www.ourstrategyconsultantsbc.com/whitelabel/documents/c85d6e89-f713-432d-bbc0-c01111910fb5/documents/c85d6e89-f713-432d-bbc0-c01111910fb5/documents/c85d6e89-f713-432d-bbc/imageedit_114_278614025-12]
[www.ourstrategyconsultantsbc.com/about-us/documents/c85d6e89-f713-432d-bbc0-c01111910fb5/documents/c85d6e89-f713-432d-bbc0-c01111910fb5/documents/c85d6e89-f713-432d-bbc0-/imageedit_114_278614025-13]
[www.ourstrategyconsultantsbc.com/pricing/documents/c85d6e89-f713-432d-bbc0-c01111910fb5/documents/c85d6e89-f713-432d-bbc0-c01111910fb5/documents/c85d6e89-f713-432d-bbc0-c/imageedit_114_278614025-13]
[www.ourstrategyconsultantsbc.com/services/documents/c85d6e89-f713-432d-bbc0-c01111910fb5/documents/c85d6e89-f713-432d-bbc0-c01111910fb5/documents/c85d6e89-f713-432d-bbc0-/imageedit_114_278614025-13]
[www.ourstrategyconsultantsbc.com/whitelabel/documents/c85d6e89-f713-432d-bbc0-c01111910fb5/documents/c85d6e89-f713-432d-bbc0-c01111910fb5/documents/c85d6e89-f713-432d-bbc/imageedit_114_278614025-13]
[www.ourstrategyconsultantsbc.com/about-us/documents/c85d6e89-f713-432d-bbc0-c01111910fb5/documents/c85d6e89-f713-432d-bbc0-c01111910fb5/documents/c85d6e89-f713-432d-bbc0-/imageedit_114_278614025-14]
[www.ourstrategyconsultantsbc.com/pricing/documents/c85d6e89-f713-432d-bbc0-c01111910fb5/documents/c85d6e89-f713-432d-bbc0-c01111910fb5/documents/c85d6e89-f713-432d-bbc0-c/imageedit_114_278614025-14]
[www.ourstrategyconsultantsbc.com/services/documents/c85d6e89-f713-432d-bbc0-c01111910fb5/documents/c85d6e89-f713-432d-bbc0-c01111910fb5/documents/c85d6e89-f713-432d-bbc0-/imageedit_114_278614025-14]
[www.ourstrategyconsultantsbc.com/whitelabel/documents/c85d6e89-f713-432d-bbc0-c01111910fb5/documents/c85d6e89-f713-432d-bbc0-c01111910fb5/documents/c85d6e89-f713-432d-bbc/imageedit_114_278614025-14]
[www.ourstrategyconsultantsbc.com/about-us/documents/c85d6e89-f713-432d-bbc0-c01111910fb5/documents/c85d6e89-f713-432d-bbc0-c01111910fb5/documents/c85d6e89-f713-432d-bbc0-/imageedit_114_278614025-15]
[www.ourstrategyconsultantsbc.com/pricing/documents/c85d6e89-f713-432d-bbc0-c01111910fb5/documents/c85d6e89-f713-432d-bbc0-c01111910fb5/documents/c85d6e89-f713-432d-bbc0-c/imageedit_114_278614025-15]
[www.ourstrategyconsultantsbc.com/services/documents/c85d6e89-f713-432d-bbc0-c01111910fb5/documents/c85d6e89-f713-432d-bbc0-c01111910fb5/documents/c85d6e89-f713-432d-bbc0-/imageedit_114_278614025-15]
[www.ourstrategyconsultantsbc.com/whitelabel/documents/c85d6e89-f713-432d-bbc0-c01111910fb5/documents/c85d6e89-f713-432d-bbc0-c01111910fb5/documents/c85d6e89-f713-432d-bbc/imageedit_114_278614025-15]
[www.ourstrategyconsultantsbc.com/about-us/documents/c85d6e89-f713-432d-bbc0-c01111910fb5/documents/c85d6e89-f713-432d-bbc0-c01111910fb5/documents/c85d6e89-f713-432d-bbc0-/imageedit_114_278614025-16]
[www.ourstrategyconsultantsbc.com/pricing/documents/c85d6e89-f713-432d-bbc0-c01111910fb5/documents/c85d6e89-f713-432d-bbc0-c01111910fb5/documents/c85d6e89-f713-432d-bbc0-c/imageedit_114_278614025-16]
[www.ourstrategyconsultantsbc.com/services/documents/c85d6e89-f713-432d-bbc0-c01111910fb5/documents/c85d6e89-f713-432d-bbc0-c01111910fb5/documents/c85d6e89-f713-432d-bbc0-/imageedit_114_278614025-16]
[www.ourstrategyconsultantsbc.com/whitelabel/documents/c85d6e89-f713-432d-bbc0-c01111910fb5/documents/c85d6e89-f713-432d-bbc0-c01111910fb5/documents/c85d6e89-f713-432d-bbc/imageedit_114_278614025-16]
[www.ourstrategyconsultantsbc.com/about-us/documents/c85d6e89-f713-432d-bbc0-c01111910fb5/documents/c85d6e89-f713-432d-bbc0-c01111910fb5/documents/c85d6e89-f713-432d-bbc0-/imageedit_114_278614025-17]
[www.ourstrategyconsultantsbc.com/pricing/documents/c85d6e89-f713-432d-bbc0-c01111910fb5/documents/c85d6e89-f713-432d-bbc0-c01111910fb5/documents/c85d6e89-f713-432d-bbc0-c/imageedit_114_278614025-17]
[www.ourstrategyconsultantsbc.com/services/documents/c85d6e89-f713-432d-bbc0-c01111910fb5/documents/c85d6e89-f713-432d-bbc0-c01111910fb5/documents/c85d6e89-f713-432d-bbc0-/imageedit_114_278614025-17]
[www.ourstrategyconsultantsbc.com/whitelabel/documents/c85d6e89-f713-432d-bbc0-c01111910fb5/documents/c85d6e89-f713-432d-bbc0-c01111910fb5/documents/c85d6e89-f713-432d-bbc/imageedit_114_278614025-17]
[www.ourstrategyconsultantsbc.com/about-us/documents/c85d6e89-f713-432d-bbc0-c01111910fb5/documents/c85d6e89-f713-432d-bbc0-c01111910fb5/documents/c85d6e89-f713-432d-bbc0-/imageedit_114_278614025-18]
[www.ourstrategyconsultantsbc.com/pricing/documents/c85d6e89-f713-432d-bbc0-c01111910fb5/documents/c85d6e89-f713-432d-bbc0-c01111910fb5/documents/c85d6e89-f713-432d-bbc0-c/imageedit_114_278614025-18]
[www.ourstrategyconsultantsbc.com/services/documents/c85d6e89-f713-432d-bbc0-c01111910fb5/documents/c85d6e89-f713-432d-bbc0-c01111910fb5/documents/c85d6e89-f713-432d-bbc0-/imageedit_114_278614025-18]
[www.ourstrategyconsultantsbc.com/whitelabel/documents/c85d6e89-f713-432d-bbc0-c01111910fb5/documents/c85d6e89-f713-432d-bbc0-c01111910fb5/documents/c85d6e89-f713-432d-bbc/imageedit_114_278614025-18]
